// Jest Snapshot v1, https://goo.gl/fbAQLP

exports[`<Main /> should render the heading 1`] = `
<main
  class="sc-bcPKhP fAboWe"
>
  <h1>
    Hello World!
  </h1>
</main>
`;
